WM001 N11W5 04:59:59 Order cancelled reason: Order placed before 5 am
WM006 N11E5 22:59:50 Order cancelled reason: Delivery time/Return time exceeds 10 pm
WM007 N11E5 23:39:50 Order cancelled reason: Delivery time/Return time exceeds 10 pm
WM008 N11E5 23:59:50 Order cancelled reason: Delivery time/Return time exceeds 10 pm
